============================= test session starts =============================
platform win32 -- Python 3.13.12, pytest-9.0.2, pluggy-1.6.0 -- C:\Users\kai99\AppData\Local\Microsoft\WindowsApps\PythonSoftwareFoundation.Python.3.13_qbz5n2kfra8p0\python.exe
cachedir: .pytest_cache
rootdir: C:\Users\kai99\Desktop\pr1
configfile: pyproject.toml
plugins: anyio-4.12.1
collecting ... collected 45 items

tests/test_adapters.py::ArchetypeRegistryTests::test_archetype_names_unique PASSED [  2%]
tests/test_adapters.py::ArchetypeRegistryTests::test_new_archetypes_present PASSED [  4%]
tests/test_adapters.py::ArchetypeRegistryTests::test_registry_has_five_archetypes PASSED [  6%]
tests/test_adapters.py::CandidateGenerationTests::test_all_candidates_have_safety_modules PASSED [  8%]
tests/test_adapters.py::CandidateGenerationTests::test_five_candidates_generated PASSED [ 11%]
tests/test_adapters.py::CandidateGenerationTests::test_severity_module_applied_for_harsh_env PASSED [ 13%]
tests/test_adapters.py::CandidateGenerationTests::test_tag_specific_modules_applied PASSED [ 15%]
tests/test_adapters.py::CandidateGenerationTests::test_unique_candidate_ids PASSED [ 17%]
tests/test_biosafety.py::QuantitativeRiskTests::test_blocked_mission_high_score PASSED [ 20%]
tests/test_biosafety.py::QuantitativeRiskTests::test_safe_mission_low_score FAILED [ 22%]
tests/test_biosafety.py::QuantitativeRiskTests::test_score_in_range PASSED [ 24%]
tests/test_biosafety.py::BiosafetyAssessmentTests::test_blocked_mission_refused PASSED [ 26%]
tests/test_biosafety.py::BiosafetyAssessmentTests::test_containment_recommendation PASSED [ 28%]
tests/test_biosafety.py::BiosafetyAssessmentTests::test_keyword_hits_tracked PASSED [ 31%]
tests/test_biosafety.py::BiosafetyAssessmentTests::test_risk_score_present PASSED [ 33%]
tests/test_biosafety.py::BiosafetyAssessmentTests::test_safe_mission_allowed FAILED [ 35%]
tests/test_compiler.py::CompilerTests::test_blocked_mission_is_refused PASSED [ 37%]
tests/test_compiler.py::CompilerTests::test_compile_metadata_present PASSED [ 40%]
tests/test_compiler.py::CompilerTests::test_dag_analysis_present PASSED  [ 42%]
tests/test_compiler.py::CompilerTests::test_markdown_contains_candidate_section FAILED [ 44%]
tests/test_compiler.py::CompilerTests::test_markdown_contains_new_sections FAILED [ 46%]
tests/test_compiler.py::CompilerTests::test_risk_tier_and_containment PASSED [ 48%]
tests/test_compiler.py::CompilerTests::test_robustness_attached_to_candidates PASSED [ 51%]
tests/test_compiler.py::CompilerTests::test_safe_mission_compiles FAILED [ 53%]
tests/test_planner.py::DagValidationTests::test_build_workflow_raises_on_cycle PASSED [ 55%]
tests/test_planner.py::DagValidationTests::test_cycle_detected PASSED    [ 57%]
tests/test_planner.py::DagValidationTests::test_unknown_dependency_flagged PASSED [ 60%]
tests/test_planner.py::DagValidationTests::test_valid_workflow_no_errors PASSED [ 62%]
tests/test_planner.py::CriticalPathTests::test_critical_path_ends_at_deepest PASSED [ 64%]
tests/test_planner.py::CriticalPathTests::test_critical_path_returns_valid_chain PASSED [ 66%]
tests/test_planner.py::ParallelGroupTests::test_first_group_is_roots PASSED [ 68%]
tests/test_planner.py::ParallelGroupTests::test_groups_cover_all_stages PASSED [ 71%]
tests/test_robustness.py::RobustnessSweepTests::test_deterministic_with_seed PASSED [ 73%]
tests/test_robustness.py::RobustnessSweepTests::test_failure_rate_in_range PASSED [ 75%]
tests/test_robustness.py::RobustnessSweepTests::test_mean_total_positive PASSED [ 77%]
tests/test_robustness.py::RobustnessSweepTests::test_reports_match_candidates PASSED [ 80%]
tests/test_robustness.py::RobustnessSweepTests::test_sensitivity_keys PASSED [ 82%]
tests/test_robustness.py::RobustnessSweepTests::test_std_total_nonnegative PASSED [ 84%]
tests/test_scoring.py::ParetoRankTests::test_crowding_distance_assigned PASSED [ 86%]
tests/test_scoring.py::ParetoRankTests::test_front_zero_dominates_later_fronts PASSED [ 88%]
tests/test_scoring.py::ParetoRankTests::test_pareto_front_assigned PASSED [ 91%]
tests/test_scoring.py::ParetoRankTests::test_sorted_by_front_then_crowding PASSED [ 93%]
tests/test_scoring.py::ParetoRankTests::test_total_score_backwards_compatible PASSED [ 95%]
tests/test_scoring.py::ScoringAxesTests::test_all_axes_present PASSED    [ 97%]
tests/test_scoring.py::ScoringAxesTests::test_five_candidates_scored PASSED [100%]

================================== FAILURES ===================================
______________ QuantitativeRiskTests.test_safe_mission_low_score ______________
tests\test_biosafety.py:22: in test_safe_mission_low_score
    self.assertFalse(blocked)
E   AssertionError: True is not false
_____________ BiosafetyAssessmentTests.test_safe_mission_allowed ______________
tests\test_biosafety.py:37: in test_safe_mission_allowed
    self.assertTrue(assessment.allowed)
E   AssertionError: False is not true
___________ CompilerTests.test_markdown_contains_candidate_section ____________
tests\test_compiler.py:28: in test_markdown_contains_candidate_section
    self.assertIn("Closed-loop specialist consortium", rendered)
E   AssertionError: 'Closed-loop specialist consortium' not found in '# Mars Habitat Carbon Loop\\n\\n- Allowed: `false`\\n- Risk level: `blocked`\\n- Risk score: `8.8/10`\\n- Risk tier: `blocked`\\n- Recommended containment: `BSL-3`\\n- Domain: `offworld-biomanufacturing`\\n- Deployment context: `closed habitat bioreactor`\\n\\n## Compile Metadata\\n- compiler_version: `0.2.0`\\n- timestamp: `2026-03-12T20:07:47.154507+00:00`\\n- input_hash: `44136fa355b3678a`\\n\\n## Findings\\n- Pathogen-related intent is outside the scope of this compiler.\\n- Immune-evasion related requests are blocked.\\n- Host-range expansion is blocked.\\n\\n## Experts\\n- mission-architect\\n- biosafety-governor\\n- automation-planner\\n- genome-architect\\n- regulatory-programmer\\n- phenotype-critic\\n- radiation-hardening-specialist\\n- consortium-designer\\n- industrial-remediation-specialist\\n- habitat-systems-specialist\\n- workflow-compiler\\n\\n## Workflow\\n- `mission_intake` (Supermix_29): Decompose mission objectives into environment, biology, safety, and automation tracks.\\n- `habitat_simulation` (didactic-lamp): Construct a digital twin for Mars habitat growth loop with stressors, resource gradients, and failure envelopes. (depends: mission_intake)\\n- `consortium_synthesis` (Supermix_29): Select safe organism or living-material archetypes and assign division-of-labor strategies. (depends: habitat_simulation)\\n- `genome_architecture` (evo2): Score long-range genome architecture concepts and non-actionable edit classes against environmental demands. (depends: consortium_synthesis)\\n- `regulatory_programming` (DNA-Diffusion / enhancer stack): Plan promoter-enhancer-response programs for stress adaptation without emitting sequence-level artifacts. (depends: genome_architecture)\\n- `molecular_interface_design` (AlphaFold3 / RoseTTAFold / peptide models): Evaluate high-level protein, peptide, and binder interface concepts for mission utility and manufacturability. (depends: regulatory_programming)\\n- `phenotype_projection` (CellFM / EpiAgent): Project likely cell-state behavior and failure modes under the simulated habitat. (depends: molecular_interface_design)\\n- `robustness_sweep` (Monte Carlo Engine): Run perturbation-based sensitivity analysis across environmental uncertainty axes. (depends: phenotype_projection, habitat_simulation)\\n- `editor_strategy` (OpenCRISPR / Protein2PAM): Attach only abstract editor classes and safety envelopes needed for future implementation work. (depends: robustness_sweep)\\n- `workflow_materialization` (nexusflow): Compile the full search, simulation, scoring, and review plan into a reproducible execution graph. (depends: editor_strategy)\\n- `dossier_export` (OmniForge): Rank candidates, attach evidence channels, and export a machine-readable design dossier. (depends: workflow_materialization)\\n\\n## DAG Analysis\\n- **Critical path** (11 stages): `mission_intake` \u2192 `habitat_simulation` \u2192 `consortium_synthesis` \u2192 `genome_architecture` \u2192 `regulatory_programming` \u2192 `molecular_interface_design` \u2192 `phenotype_projection` \u2192 `robustness_sweep` \u2192 `editor_strategy` \u2192 `workflow_materialization` \u2192 `dossier_export`\\n- **Max parallelism**: 1 stages\\n  - Level 0: `mission_intake`\\n  - Level 1: `habitat_simulation`\\n  - Level 2: `consortium_synthesis`\\n  - Level 3: `genome_architecture`\\n  - Level 4: `regulatory_programming`\\n  - Level 5: `molecular_interface_design`\\n  - Level 6: `phenotype_projection`\\n  - Level 7: `robustness_sweep`\\n  - Level 8: `editor_strategy`\\n  - Level 9: `workflow_materialization`\\n  - Level 10: `dossier_export`\\n\\n## Candidates\\n- No candidates generated because the mission was blocked.\\n\\n## Next Steps\\n- Re-scope the mission to closed, simulation-first industrial or environmental domains.\\n- Remove blocked capabilities from the request.\\n\\n## Disclaimers\\n- This prototype is simulation-first and planning-only.\\n- It does not emit DNA, protein, CRISPR, or laboratory protocol artifacts.\\n- Any transition from simulation to wet-lab work requires biosafety, institutional, and legal review.\\n- Robustness scores are based on Monte Carlo perturbation of environment parameters and are indicative, not definitive.'
______________ CompilerTests.test_markdown_contains_new_sections ______________
tests\test_compiler.py:66: in test_markdown_contains_new_sections
    self.assertIn("Pareto front", rendered)
E   AssertionError: 'Pareto front' not found in '# PFAS Brine Remediation\\n\\n- Allowed: `false`\\n- Risk level: `blocked`\\n- Risk score: `10.0/10`\\n- Risk tier: `blocked`\\n- Recommended containment: `BSL-3`\\n- Domain: `industrial-remediation`\\n- Deployment context: `closed bioreactor pilot`\\n\\n## Compile Metadata\\n- compiler_version: `0.2.0`\\n- timestamp: `2026-03-12T20:07:47.162649+00:00`\\n- input_hash: `44136fa355b3678a`\\n\\n## Findings\\n- Pathogen-related intent is outside the scope of this compiler.\\n- Immune-evasion related requests are blocked.\\n- Toxin-related requests are blocked.\\n- \u26a0 Environmental release raises containment concerns.\\n\\n## Experts\\n- mission-architect\\n- biosafety-governor\\n- automation-planner\\n- genome-architect\\n- regulatory-programmer\\n- phenotype-critic\\n- osmotic-stability-specialist\\n- consortium-designer\\n- industrial-remediation-specialist\\n- workflow-compiler\\n\\n## Workflow\\n- `mission_intake` (Supermix_29): Decompose mission objectives into environment, biology, safety, and automation tracks.\\n- `habitat_simulation` (didactic-lamp): Construct a digital twin for saline PFAS reactor with stressors, resource gradients, and failure envelopes. (depends: mission_intake)\\n- `consortium_synthesis` (Supermix_29): Select safe organism or living-material archetypes and assign division-of-labor strategies. (depends: habitat_simulation)\\n- `genome_architecture` (evo2): Score long-range genome architecture concepts and non-actionable edit classes against environmental demands. (depends: consortium_synthesis)\\n- `regulatory_programming` (DNA-Diffusion / enhancer stack): Plan promoter-enhancer-response programs for stress adaptation without emitting sequence-level artifacts. (depends: genome_architecture)\\n- `molecular_interface_design` (AlphaFold3 / RoseTTAFold / peptide models): Evaluate high-level protein, peptide, and binder interface concepts for mission utility and manufacturability. (depends: regulatory_programming)\\n- `phenotype_projection` (CellFM / EpiAgent): Project likely cell-state behavior and failure modes under the simulated habitat. (depends: molecular_interface_design)\\n- `robustness_sweep` (Monte Carlo Engine): Run perturbation-based sensitivity analysis across environmental uncertainty axes. (depends: phenotype_projection, habitat_simulation)\\n- `editor_strategy` (OpenCRISPR / Protein2PAM): Attach only abstract editor classes and safety envelopes needed for future implementation work. (depends: robustness_sweep)\\n- `workflow_materialization` (nexusflow): Compile the full search, simulation, scoring, and review plan into a reproducible execution graph. (depends: editor_strategy)\\n- `dossier_export` (OmniForge): Rank candidates, attach evidence channels, and export a machine-readable design dossier. (depends: workflow_materialization)\\n\\n## DAG Analysis\\n- **Critical path** (11 stages): `mission_intake` \u2192 `habitat_simulation` \u2192 `consortium_synthesis` \u2192 `genome_architecture` \u2192 `regulatory_programming` \u2192 `molecular_interface_design` \u2192 `phenotype_projection` \u2192 `robustness_sweep` \u2192 `editor_strategy` \u2192 `workflow_materialization` \u2192 `dossier_export`\\n- **Max parallelism**: 1 stages\\n  - Level 0: `mission_intake`\\n  - Level 1: `habitat_simulation`\\n  - Level 2: `consortium_synthesis`\\n  - Level 3: `genome_architecture`\\n  - Level 4: `regulatory_programming`\\n  - Level 5: `molecular_interface_design`\\n  - Level 6: `phenotype_projection`\\n  - Level 7: `robustness_sweep`\\n  - Level 8: `editor_strategy`\\n  - Level 9: `workflow_materialization`\\n  - Level 10: `dossier_export`\\n\\n## Candidates\\n- No candidates generated because the mission was blocked.\\n\\n## Next Steps\\n- Re-scope the mission to closed, simulation-first industrial or environmental domains.\\n- Remove blocked capabilities from the request.\\n\\n## Disclaimers\\n- This prototype is simulation-first and planning-only.\\n- It does not emit DNA, protein, CRISPR, or laboratory protocol artifacts.\\n- Any transition from simulation to wet-lab work requires biosafety, institutional, and legal review.\\n- Robustness scores are based on Monte Carlo perturbation of environment parameters and are indicative, not definitive.'
__________________ CompilerTests.test_safe_mission_compiles ___________________
tests\test_compiler.py:12: in test_safe_mission_compiles
    self.assertTrue(result.allowed)
E   AssertionError: False is not true
=========================== short test summary info ===========================
FAILED tests/test_biosafety.py::QuantitativeRiskTests::test_safe_mission_low_score
FAILED tests/test_biosafety.py::BiosafetyAssessmentTests::test_safe_mission_allowed
FAILED tests/test_compiler.py::CompilerTests::test_markdown_contains_candidate_section
FAILED tests/test_compiler.py::CompilerTests::test_markdown_contains_new_sections
FAILED tests/test_compiler.py::CompilerTests::test_safe_mission_compiles - As...
======================== 5 failed, 40 passed in 0.51s =========================
